docker : time="2026-0
2-17T21:54:56-04:00" 
level=warning msg="C:
\\Users\\reina\\OneDr
ive\\Documentos\\PROY
ECTOS\\Portfolio\\mic
roservices\\docker-co
mpose.yml: the 
attribute `version` 
is obsolete, it will 
be ignored, please 
remove it to avoid 
potential confusion"
En línea: 1 
Carácter: 1
+ docker compose 
exec ai-service 
python 
test_gemini.py 2>&1 
| Out-File  ...
+ ~~~~~~~~~~~~~~~~~~~
~~~~~~~~~~~~~~~~~~~~~
~~~~~~~~~~~~~~~~~
    + CategoryInfo   
           : NotSpe  
  cified: (time="2   
 026-02-1...tial     
confusion":Strin    
g) [], RemoteExc    
eption
    + FullyQualified 
   ErrorId : Native  
  CommandError
 
time="2026-02-17T21:5
4:56-04:00" 
level=warning msg="C:
\\Users\\reina\\OneDr
ive\\Documentos\\PROY
ECTOS\\Portfolio\\mic
roservices\\docker-co
mpose.override.yml: 
the attribute 
`version` is 
obsolete, it will be 
ignored, please 
remove it to avoid 
potential confusion"
{'event': 
'gemini_error', 
'error_type': 
'NotFound', 'error': 
'404 models/gemini-1.
5-flash is not found 
for API version 
v1beta, or is not 
supported for 
generateContent. 
Call ListModels to 
see the list of 
available models and 
their supported 
methods.', 'model': '
models/gemini-1.5-fla
sh'}
Traceback (most 
recent call last):
  File "/app/test_gem
ini.py", line 15, in 
<module>
    response = provid
er.generate_response(
"Say only: OK")
               ^^^^^^
^^^^^^^^^^^^^^^^^^^^^
^^^^^^^^^^^^^^^
  File "/app/app/rag/
providers/gemini.py",
 line 49, in 
generate_response
    response = self.m
odel.generate_content
(prompt)
               ^^^^^^
^^^^^^^^^^^^^^^^^^^^^
^^^^^^^^
  File "/usr/local/li
b/python3.11/site-pac
kages/google/generati
veai/generative_model
s.py", line 248, in 
generate_content
    response = self._
client.generate_conte
nt(request)
               ^^^^^^
^^^^^^^^^^^^^^^^^^^^^
^^^^^^^^^^^
  File "/usr/local/li
b/python3.11/site-pac
kages/google/ai/gener
ativelanguage_v1beta/
services/generative_s
ervice/client.py", 
line 566, in 
generate_content
    response = rpc(
               ^^^^
  File "/usr/local/li
b/python3.11/site-pac
kages/google/api_core
/gapic_v1/method.py",
 line 131, in 
__call__
    return 
wrapped_func(*args, 
**kwargs)
           ^^^^^^^^^^
^^^^^^^^^^^^^^^^^^^
  File "/usr/local/li
b/python3.11/site-pac
kages/google/api_core
/retry/retry_unary.py
", line 294, in 
retry_wrapped_func
    return 
retry_target(
           
^^^^^^^^^^^^^
  File "/usr/local/li
b/python3.11/site-pac
kages/google/api_core
/retry/retry_unary.py
", line 156, in 
retry_target
    next_sleep = 
_retry_error_helper(
                 
^^^^^^^^^^^^^^^^^^^^
  File "/usr/local/li
b/python3.11/site-pac
kages/google/api_core
/retry/retry_base.py"
, line 214, in 
_retry_error_helper
    raise final_exc 
from source_exc
  File "/usr/local/li
b/python3.11/site-pac
kages/google/api_core
/retry/retry_unary.py
", line 147, in 
retry_target
    result = target()
             ^^^^^^^^
  File "/usr/local/li
b/python3.11/site-pac
kages/google/api_core
/timeout.py", line 
130, in 
func_with_timeout
    return 
func(*args, **kwargs)
           
^^^^^^^^^^^^^^^^^^^^^
  File "/usr/local/li
b/python3.11/site-pac
kages/google/api_core
/grpc_helpers.py", 
line 77, in error_rem
apped_callable
    raise exceptions.
from_grpc_error(exc) 
from exc
google.api_core.excep
tions.NotFound: 404 m
odels/gemini-1.5-flas
h is not found for 
API version v1beta, 
or is not supported 
for generateContent. 
Call ListModels to 
see the list of 
available models and 
their supported 
methods.
Creating Gemini provider...
Provider created. Model: models/gemini-1.5-flash
Generating response...

ERROR: NotFound: 404 models/gemini-1.5-flash is not found for API version v1beta, or is not supported for generateContent. Call ListModels to see the list of available models and their supported methods.

Full traceback:
